Hello from NELAIA!
File I/O works!
